/Applications/MCUXpressoIDE_24.12.148/ide/plugins/com.nxp.mcuxpresso.tools.macosx_24.12.0.202407110909/tools/arm-none-eabi/include/c++/13.2.1/new:174:33:void* operator new(std::size_t, void*)	16	static
/Applications/MCUXpressoIDE_24.12.148/ide/plugins/com.nxp.mcuxpresso.tools.macosx_24.12.0.202407110909/tools/arm-none-eabi/include/c++/13.2.1/bits/stl_vector.h:133:14:std::_Vector_base<CALLBACK*, std::allocator<CALLBACK*> >::_Vector_impl::~_Vector_impl()	24	static
/Applications/MCUXpressoIDE_24.12.148/ide/plugins/com.nxp.mcuxpresso.tools.macosx_24.12.0.202407110909/tools/arm-none-eabi/include/c++/13.2.1/bits/stl_vector.h:312:7:std::_Vector_base<_Tp, _Alloc>::_Vector_base() [with _Tp = CALLBACK*; _Alloc = std::allocator<CALLBACK*>]	16	static
/Applications/MCUXpressoIDE_24.12.148/ide/plugins/com.nxp.mcuxpresso.tools.macosx_24.12.0.202407110909/tools/arm-none-eabi/include/c++/13.2.1/bits/stl_vector.h:528:7:std::vector<_Tp, _Alloc>::vector() [with _Tp = CALLBACK*; _Alloc = std::allocator<CALLBACK*>]	16	static
../src/UTILS/CALLBACK/CALLBACK.cpp:12:6:virtual void CALLBACK::Callback()	16	static
../src/UTILS/CALLBACK/CALLBACK.cpp:17:1:CALLBACK::CALLBACK()	24	static
../src/UTILS/CALLBACK/CALLBACK.cpp:22:6:static void CALLBACK::SysTickCall()	24	static
/Applications/MCUXpressoIDE_24.12.148/ide/plugins/com.nxp.mcuxpresso.tools.macosx_24.12.0.202407110909/tools/arm-none-eabi/include/c++/13.2.1/bits/stl_vector.h:137:2:std::_Vector_base<_Tp, _Alloc>::_Vector_impl::_Vector_impl() [with _Tp = CALLBACK*; _Alloc = std::allocator<CALLBACK*>]	24	static
/Applications/MCUXpressoIDE_24.12.148/ide/plugins/com.nxp.mcuxpresso.tools.macosx_24.12.0.202407110909/tools/arm-none-eabi/include/c++/13.2.1/bits/stl_vector.h:364:7:std::_Vector_base<_Tp, _Alloc>::~_Vector_base() [with _Tp = CALLBACK*; _Alloc = std::allocator<CALLBACK*>]	16	static
/Applications/MCUXpressoIDE_24.12.148/ide/plugins/com.nxp.mcuxpresso.tools.macosx_24.12.0.202407110909/tools/arm-none-eabi/include/c++/13.2.1/bits/stl_vector.h:1295:7:void std::vector<_Tp, _Alloc>::push_back(value_type&&) [with _Tp = CALLBACK*; _Alloc = std::allocator<CALLBACK*>]	16	static
/Applications/MCUXpressoIDE_24.12.148/ide/plugins/com.nxp.mcuxpresso.tools.macosx_24.12.0.202407110909/tools/arm-none-eabi/include/c++/13.2.1/bits/stl_vector.h:870:7:std::vector<_Tp, _Alloc>::iterator std::vector<_Tp, _Alloc>::begin() [with _Tp = CALLBACK*; _Alloc = std::allocator<CALLBACK*>]	24	static
/Applications/MCUXpressoIDE_24.12.148/ide/plugins/com.nxp.mcuxpresso.tools.macosx_24.12.0.202407110909/tools/arm-none-eabi/include/c++/13.2.1/bits/stl_vector.h:890:7:std::vector<_Tp, _Alloc>::iterator std::vector<_Tp, _Alloc>::end() [with _Tp = CALLBACK*; _Alloc = std::allocator<CALLBACK*>]	24	static
/Applications/MCUXpressoIDE_24.12.148/ide/plugins/com.nxp.mcuxpresso.tools.macosx_24.12.0.202407110909/tools/arm-none-eabi/include/c++/13.2.1/bits/stl_iterator.h:1241:5:bool __gnu_cxx::operator!=(const __normal_iterator<_Iterator, _Container>&, const __normal_iterator<_Iterator, _Container>&) [with _Iterator = CALLBACK**; _Container = std::vector<CALLBACK*>]	24	static
/Applications/MCUXpressoIDE_24.12.148/ide/plugins/com.nxp.mcuxpresso.tools.macosx_24.12.0.202407110909/tools/arm-none-eabi/include/c++/13.2.1/bits/stl_iterator.h:1109:7:__gnu_cxx::__normal_iterator<_Iterator, _Container>& __gnu_cxx::__normal_iterator<_Iterator, _Container>::operator++() [with _Iterator = CALLBACK**; _Container = std::vector<CALLBACK*>]	16	static
/Applications/MCUXpressoIDE_24.12.148/ide/plugins/com.nxp.mcuxpresso.tools.macosx_24.12.0.202407110909/tools/arm-none-eabi/include/c++/13.2.1/bits/stl_iterator.h:1099:7:__gnu_cxx::__normal_iterator<_Iterator, _Container>::reference __gnu_cxx::__normal_iterator<_Iterator, _Container>::operator*() const [with _Iterator = CALLBACK**; _Container = std::vector<CALLBACK*>]	16	static
/Applications/MCUXpressoIDE_24.12.148/ide/plugins/com.nxp.mcuxpresso.tools.macosx_24.12.0.202407110909/tools/arm-none-eabi/include/c++/13.2.1/bits/stl_vector.h:99:2:std::_Vector_base<_Tp, _Alloc>::_Vector_impl_data::_Vector_impl_data() [with _Tp = CALLBACK*; _Alloc = std::allocator<CALLBACK*>]	16	static
/Applications/MCUXpressoIDE_24.12.148/ide/plugins/com.nxp.mcuxpresso.tools.macosx_24.12.0.202407110909/tools/arm-none-eabi/include/c++/13.2.1/bits/new_allocator.h:100:7:std::__new_allocator<_Tp>::~__new_allocator() [with _Tp = CALLBACK*]	16	static
/Applications/MCUXpressoIDE_24.12.148/ide/plugins/com.nxp.mcuxpresso.tools.macosx_24.12.0.202407110909/tools/arm-none-eabi/include/c++/13.2.1/bits/stl_vector.h:383:7:void std::_Vector_base<_Tp, _Alloc>::_M_deallocate(pointer, std::size_t) [with _Tp = CALLBACK*; _Alloc = std::allocator<CALLBACK*>]	40	static
/Applications/MCUXpressoIDE_24.12.148/ide/plugins/com.nxp.mcuxpresso.tools.macosx_24.12.0.202407110909/tools/arm-none-eabi/include/c++/13.2.1/bits/move.h:97:5:constexpr typename std::remove_reference<_Tp>::type&& std::move(_Tp&&) [with _Tp = CALLBACK*&]	16	static
/Applications/MCUXpressoIDE_24.12.148/ide/plugins/com.nxp.mcuxpresso.tools.macosx_24.12.0.202407110909/tools/arm-none-eabi/include/c++/13.2.1/bits/vector.tcc:111:7:) [with _Args = {CALLBACK*}; _Tp = CALLBACK*; _Alloc = std::allocator<CALLBACK*>]	48	static
/Applications/MCUXpressoIDE_24.12.148/ide/plugins/com.nxp.mcuxpresso.tools.macosx_24.12.0.202407110909/tools/arm-none-eabi/include/c++/13.2.1/bits/stl_iterator.h:1076:7:__gnu_cxx::__normal_iterator<_Iterator, _Container>::__normal_iterator(const _Iterator&) [with _Iterator = CALLBACK**; _Container = std::vector<CALLBACK*>]	16	static
/Applications/MCUXpressoIDE_24.12.148/ide/plugins/com.nxp.mcuxpresso.tools.macosx_24.12.0.202407110909/tools/arm-none-eabi/include/c++/13.2.1/bits/stl_iterator.h:1162:7:const _Iterator& __gnu_cxx::__normal_iterator<_Iterator, _Container>::base() const [with _Iterator = CALLBACK**; _Container = std::vector<CALLBACK*>]	16	static
/Applications/MCUXpressoIDE_24.12.148/ide/plugins/com.nxp.mcuxpresso.tools.macosx_24.12.0.202407110909/tools/arm-none-eabi/include/c++/13.2.1/bits/move.h:70:5:constexpr _Tp&& std::forward(typename remove_reference<_Functor>::type&) [with _Tp = CALLBACK*]	16	static
/Applications/MCUXpressoIDE_24.12.148/ide/plugins/com.nxp.mcuxpresso.tools.macosx_24.12.0.202407110909/tools/arm-none-eabi/include/c++/13.2.1/bits/vector.tcc:445:7:) [with _Args = {CALLBACK*}; _Tp = CALLBACK*; _Alloc = std::allocator<CALLBACK*>]	96	static
/Applications/MCUXpressoIDE_24.12.148/ide/plugins/com.nxp.mcuxpresso.tools.macosx_24.12.0.202407110909/tools/arm-none-eabi/include/c++/13.2.1/bits/stl_vector.h:1230:7:std::vector<_Tp, _Alloc>::reference std::vector<_Tp, _Alloc>::back() [with _Tp = CALLBACK*; _Alloc = std::allocator<CALLBACK*>]	24	static
/Applications/MCUXpressoIDE_24.12.148/ide/plugins/com.nxp.mcuxpresso.tools.macosx_24.12.0.202407110909/tools/arm-none-eabi/include/c++/13.2.1/bits/new_allocator.h:152:7:void std::__new_allocator<_Tp>::deallocate(_Tp*, size_type) [with _Tp = CALLBACK*]	24	static
/Applications/MCUXpressoIDE_24.12.148/ide/plugins/com.nxp.mcuxpresso.tools.macosx_24.12.0.202407110909/tools/arm-none-eabi/include/c++/13.2.1/bits/stl_vector.h:1893:7:std::vector<_Tp, _Alloc>::size_type std::vector<_Tp, _Alloc>::_M_check_len(size_type, const char*) const [with _Tp = CALLBACK*; _Alloc = std::allocator<CALLBACK*>]	40	static
/Applications/MCUXpressoIDE_24.12.148/ide/plugins/com.nxp.mcuxpresso.tools.macosx_24.12.0.202407110909/tools/arm-none-eabi/include/c++/13.2.1/bits/stl_iterator.h:1334:5:typename __gnu_cxx::__normal_iterator<_Iterator, _Container>::difference_type __gnu_cxx::operator-(const __normal_iterator<_Iterator, _Container>&, const __normal_iterator<_Iterator, _Container>&) [with _Iterator = CALLBACK**; _Container = std::vector<CALLBACK*>]	24	static
/Applications/MCUXpressoIDE_24.12.148/ide/plugins/com.nxp.mcuxpresso.tools.macosx_24.12.0.202407110909/tools/arm-none-eabi/include/c++/13.2.1/bits/stl_vector.h:375:7:std::_Vector_base<_Tp, _Alloc>::pointer std::_Vector_base<_Tp, _Alloc>::_M_allocate(std::size_t) [with _Tp = CALLBACK*; _Alloc = std::allocator<CALLBACK*>]	24	static
/Applications/MCUXpressoIDE_24.12.148/ide/plugins/com.nxp.mcuxpresso.tools.macosx_24.12.0.202407110909/tools/arm-none-eabi/include/c++/13.2.1/bits/stl_vector.h:501:7:static std::vector<_Tp, _Alloc>::pointer std::vector<_Tp, _Alloc>::_S_relocate(pointer, pointer, pointer, _Tp_alloc_type&) [with _Tp = CALLBACK*; _Alloc = std::allocator<CALLBACK*>]	24	static
/Applications/MCUXpressoIDE_24.12.148/ide/plugins/com.nxp.mcuxpresso.tools.macosx_24.12.0.202407110909/tools/arm-none-eabi/include/c++/13.2.1/bits/stl_vector.h:298:7:std::_Vector_base<_Tp, _Alloc>::_Tp_alloc_type& std::_Vector_base<_Tp, _Alloc>::_M_get_Tp_allocator() [with _Tp = CALLBACK*; _Alloc = std::allocator<CALLBACK*>]	16	static
/Applications/MCUXpressoIDE_24.12.148/ide/plugins/com.nxp.mcuxpresso.tools.macosx_24.12.0.202407110909/tools/arm-none-eabi/include/c++/13.2.1/bits/stl_iterator.h:1157:7:__gnu_cxx::__normal_iterator<_Iterator, _Container> __gnu_cxx::__normal_iterator<_Iterator, _Container>::operator-(difference_type) const [with _Iterator = CALLBACK**; _Container = std::vector<CALLBACK*>]	24	static
/Applications/MCUXpressoIDE_24.12.148/ide/plugins/com.nxp.mcuxpresso.tools.macosx_24.12.0.202407110909/tools/arm-none-eabi/include/c++/13.2.1/bits/stl_vector.h:995:7:std::vector<_Tp, _Alloc>::size_type std::vector<_Tp, _Alloc>::max_size() const [with _Tp = CALLBACK*; _Alloc = std::allocator<CALLBACK*>]	16	static
/Applications/MCUXpressoIDE_24.12.148/ide/plugins/com.nxp.mcuxpresso.tools.macosx_24.12.0.202407110909/tools/arm-none-eabi/include/c++/13.2.1/bits/stl_vector.h:989:7:std::vector<_Tp, _Alloc>::size_type std::vector<_Tp, _Alloc>::size() const [with _Tp = CALLBACK*; _Alloc = std::allocator<CALLBACK*>]	16	static
/Applications/MCUXpressoIDE_24.12.148/ide/plugins/com.nxp.mcuxpresso.tools.macosx_24.12.0.202407110909/tools/arm-none-eabi/include/c++/13.2.1/bits/stl_algobase.h:257:5:constexpr const _Tp& std::max(const _Tp&, const _Tp&) [with _Tp = unsigned int]	16	static
/Applications/MCUXpressoIDE_24.12.148/ide/plugins/com.nxp.mcuxpresso.tools.macosx_24.12.0.202407110909/tools/arm-none-eabi/include/c++/13.2.1/bits/stl_uninitialized.h:1142:5:_ForwardIterator std::__relocate_a(_InputIterator, _InputIterator, _ForwardIterator, _Allocator&) [with _InputIterator = CALLBACK**; _ForwardIterator = CALLBACK**; _Allocator = allocator<CALLBACK*>]	32	static
/Applications/MCUXpressoIDE_24.12.148/ide/plugins/com.nxp.mcuxpresso.tools.macosx_24.12.0.202407110909/tools/arm-none-eabi/include/c++/13.2.1/bits/stl_construct.h:182:5:void std::_Destroy(_ForwardIterator, _ForwardIterator) [with _ForwardIterator = CALLBACK**]	16	static
/Applications/MCUXpressoIDE_24.12.148/ide/plugins/com.nxp.mcuxpresso.tools.macosx_24.12.0.202407110909/tools/arm-none-eabi/include/c++/13.2.1/bits/stl_vector.h:1913:7:static std::vector<_Tp, _Alloc>::size_type std::vector<_Tp, _Alloc>::_S_max_size(const _Tp_alloc_type&) [with _Tp = CALLBACK*; _Alloc = std::allocator<CALLBACK*>]	40	static
/Applications/MCUXpressoIDE_24.12.148/ide/plugins/com.nxp.mcuxpresso.tools.macosx_24.12.0.202407110909/tools/arm-none-eabi/include/c++/13.2.1/bits/stl_vector.h:303:7:const std::_Vector_base<_Tp, _Alloc>::_Tp_alloc_type& std::_Vector_base<_Tp, _Alloc>::_M_get_Tp_allocator() const [with _Tp = CALLBACK*; _Alloc = std::allocator<CALLBACK*>]	16	static
/Applications/MCUXpressoIDE_24.12.148/ide/plugins/com.nxp.mcuxpresso.tools.macosx_24.12.0.202407110909/tools/arm-none-eabi/include/c++/13.2.1/bits/new_allocator.h:122:7:_Tp* std::__new_allocator<_Tp>::allocate(size_type, const void*) [with _Tp = CALLBACK*]	32	static
/Applications/MCUXpressoIDE_24.12.148/ide/plugins/com.nxp.mcuxpresso.tools.macosx_24.12.0.202407110909/tools/arm-none-eabi/include/c++/13.2.1/bits/stl_algobase.h:316:5:_Iterator std::__niter_base(_Iterator) [with _Iterator = CALLBACK**]	16	static
/Applications/MCUXpressoIDE_24.12.148/ide/plugins/com.nxp.mcuxpresso.tools.macosx_24.12.0.202407110909/tools/arm-none-eabi/include/c++/13.2.1/bits/stl_uninitialized.h:1115:5:std::__enable_if_t<std::__is_bitwise_relocatable<_Tp>::value, _Tp*> std::__relocate_a_1(_Tp*, _Tp*, _Tp*, allocator<_T2>&) [with _Tp = CALLBACK*; _Up = CALLBACK*]	32	static
/Applications/MCUXpressoIDE_24.12.148/ide/plugins/com.nxp.mcuxpresso.tools.macosx_24.12.0.202407110909/tools/arm-none-eabi/include/c++/13.2.1/bits/stl_construct.h:172:9:static void std::_Destroy_aux<true>::__destroy(_ForwardIterator, _ForwardIterator) [with _ForwardIterator = CALLBACK**]	16	static
/Applications/MCUXpressoIDE_24.12.148/ide/plugins/com.nxp.mcuxpresso.tools.macosx_24.12.0.202407110909/tools/arm-none-eabi/include/c++/13.2.1/bits/stl_algobase.h:233:5:constexpr const _Tp& std::min(const _Tp&, const _Tp&) [with _Tp = unsigned int]	16	static
../src/UTILS/CALLBACK/CALLBACK.cpp:26:1:void __static_initialization_and_destruction_0()	8	static
/Applications/MCUXpressoIDE_24.12.148/ide/plugins/com.nxp.mcuxpresso.tools.macosx_24.12.0.202407110909/tools/arm-none-eabi/include/c++/13.2.1/bits/stl_vector.h:730:7:std::vector<_Tp, _Alloc>::~vector() [with _Tp = CALLBACK*; _Alloc = std::allocator<CALLBACK*>]	40	static
../src/UTILS/CALLBACK/CALLBACK.cpp:26:1:cpp)	8	static
