../src/UTILS/CALLBACK/CALLBACK.cpp:13:6:virtual void CALLBACK::Callback()	0	static
/Applications/MCUXpressoIDE_24.12.148/ide/plugins/com.nxp.mcuxpresso.tools.macosx_24.12.0.202407110909/tools/arm-none-eabi/include/c++/13.2.1/bits/stl_vector.h:730:7:std::vector<_Tp, _Alloc>::~vector() [with _Tp = CALLBACK*; _Alloc = std::allocator<CALLBACK*>]	8	static
../src/UTILS/CALLBACK/CALLBACK.cpp:35:6:static void CALLBACK::SysTickCall()	16	static
/Applications/MCUXpressoIDE_24.12.148/ide/plugins/com.nxp.mcuxpresso.tools.macosx_24.12.0.202407110909/tools/arm-none-eabi/include/c++/13.2.1/bits/vector.tcc:445:7:) [with _Args = {CALLBACK*}; _Tp = CALLBACK*; _Alloc = std::allocator<CALLBACK*>]	40	static
/Applications/MCUXpressoIDE_24.12.148/ide/plugins/com.nxp.mcuxpresso.tools.macosx_24.12.0.202407110909/tools/arm-none-eabi/include/c++/13.2.1/bits/vector.tcc:111:7:) [with _Args = {CALLBACK*}; _Tp = CALLBACK*; _Alloc = std::allocator<CALLBACK*>]	8	static
../src/UTILS/CALLBACK/CALLBACK.cpp:23:1:CALLBACK::CALLBACK(bool)	16	static
../src/UTILS/CALLBACK/CALLBACK.cpp:51:1:cpp)	16	static
