../src/drivers/MAX_Driver/MAX.cpp:35:1:MAX::MAX()	16	static
../src/drivers/MAX_Driver/MAX.cpp:40:6:void MAX::reset_vars()	16	static
../src/drivers/MAX_Driver/MAX.cpp:51:6:bool MAX::probe()	64	static
../src/drivers/MAX_Driver/MAX.cpp:71:6:bool MAX::init()	48	static
../src/drivers/MAX_Driver/MAX.cpp:131:9:int32_t MAX::pulso_filtro(int32_t)	24	static
../src/drivers/MAX_Driver/MAX.cpp:155:6:static void MAX::tick_read()	16	static
../src/drivers/MAX_Driver/MAX.cpp:164:6:void MAX::buscar_picos(uint32_t*)	32	static
../src/drivers/MAX_Driver/MAX.cpp:226:6:void MAX::pulso_maq_estados(uint32_t*)	104	static
../src/drivers/MAX_Driver/MAX.cpp:281:6:bool MAX::read(uint32_t*, uint32_t*)	48	static
../src/drivers/MAX_Driver/MAX.cpp:321:1:MAX::~MAX()	16	static
../src/drivers/MAX_Driver/MAX.cpp:321:1:virtual MAX::~MAX()	16	static
../src/drivers/MAX_Driver/MAX.cpp:323:1:void __static_initialization_and_destruction_0()	8	static
../src/drivers/MAX_Driver/MAX.cpp:323:1:cpp)	8	static
