../src/drivers/MAX_Driver/MAX.cpp:12:1:MAX::MAX()	16	static
../src/drivers/MAX_Driver/MAX.cpp:17:6:bool MAX::probe()	64	static
../src/drivers/MAX_Driver/MAX.cpp:37:6:bool MAX::init()	48	static
../src/drivers/MAX_Driver/MAX.cpp:94:6:bool MAX::read(uint32_t*, uint32_t*, uint8_t*)	56	static
../src/drivers/MAX_Driver/MAX.cpp:113:1:MAX::~MAX()	16	static
../src/drivers/MAX_Driver/MAX.cpp:113:1:virtual MAX::~MAX()	16	static
../src/drivers/MAX_Driver/MAX.cpp:115:1:void __static_initialization_and_destruction_0()	8	static
../src/drivers/MAX_Driver/MAX.cpp:115:1:cpp)	8	static
