../src/drivers/MPU_Driver/MPU.cpp:12:1:MPU::MPU()	16	static
../src/drivers/MPU_Driver/MPU.cpp:17:6:bool MPU::init()	72	static
../src/drivers/MPU_Driver/MPU.cpp:62:6:void MPU::read()	56	static
../src/drivers/MPU_Driver/MPU.cpp:75:7:char* MPU::i16toa(int16_t, char*)	48	static
../src/drivers/MPU_Driver/MPU.cpp:85:6:void MPU::log_acc(int16_t, int16_t, int16_t)	88	static
../src/drivers/MPU_Driver/MPU.cpp:95:1:MPU::~MPU()	16	static
../src/drivers/MPU_Driver/MPU.cpp:95:1:virtual MPU::~MPU()	16	static
../src/drivers/MPU_Driver/MPU.cpp:97:1:void __static_initialization_and_destruction_0()	8	static
../src/drivers/MPU_Driver/MPU.cpp:97:1:cpp)	8	static
