../src/drivers/GPIOPWM_Driver/GPIOPWM.cpp:39:1:GPIOPWM::~GPIOPWM()	0	static
../src/drivers/GPIOPWM_Driver/GPIOPWM.cpp:39:1:virtual GPIOPWM::~GPIOPWM()	8	static
../src/drivers/GPIOPWM_Driver/GPIOPWM.cpp:10:1:GPIOPWM::GPIOPWM(uint32_t, uint32_t)	8	static
../src/drivers/GPIOPWM_Driver/GPIOPWM.cpp:15:6:void GPIOPWM::SetPWM(uint8_t)	0	static
../src/drivers/GPIOPWM_Driver/GPIOPWM.cpp:25:6:void GPIOPWM::PWM()	8	static
../src/drivers/GPIOPWM_Driver/GPIOPWM.cpp:21:6:virtual void GPIOPWM::FastCallBack()	8	static
