/Users/santiagoiamarino/Documents/MCUXpressoIDE_24.12.148/workspace/TPO-Info2/src/drivers/MAX_Driver/MAX.h:44:7:void MAX::pause()	16	static
/Users/santiagoiamarino/Documents/MCUXpressoIDE_24.12.148/workspace/TPO-Info2/src/drivers/MAX_Driver/MAX.h:45:7:void MAX::resume()	16	static
/Users/santiagoiamarino/Documents/MCUXpressoIDE_24.12.148/workspace/TPO-Info2/src/drivers/MAX_Driver/MAX.h:46:11:uint16_t MAX::Get_PPM()	16	static
/Users/santiagoiamarino/Documents/MCUXpressoIDE_24.12.148/workspace/TPO-Info2/src/drivers/MPU_Driver/MPU.h:36:7:void MPU::pause()	16	static
/Users/santiagoiamarino/Documents/MCUXpressoIDE_24.12.148/workspace/TPO-Info2/src/drivers/MPU_Driver/MPU.h:37:7:void MPU::resume()	16	static
/Users/santiagoiamarino/Documents/MCUXpressoIDE_24.12.148/workspace/TPO-Info2/src/drivers/MPU_Driver/MPU.h:41:10:uint8_t MPU::Get_Estado_Movimiento()	16	static
../src/UTILS/SUENIO_MAQ_ESTADOS/suenio.cpp:32:6:void suenio_maq_estados(SuenioCFG*)	24	static
../src/UTILS/SUENIO_MAQ_ESTADOS/suenio.cpp:66:13:void uart_send_2d(uint8_t)	16	static
../src/UTILS/SUENIO_MAQ_ESTADOS/suenio.cpp:71:6:void enviar_info_fisiologica(uint32_t)	24	static
../src/UTILS/SUENIO_MAQ_ESTADOS/suenio.cpp:92:6:void suenio_tick()	8	static
