../src/drivers/UART_Driver/UART0.cpp:22:6:void UART0_IRQHandler()	24	static
/Users/santiagoiamarino/Documents/MCUXpressoIDE_24.12.148/workspace/TPO-Info2/src/drivers/UART_Driver/UART0.h:25:2:STRUCT_RX0::STRUCT_RX0()	16	static
/Users/santiagoiamarino/Documents/MCUXpressoIDE_24.12.148/workspace/TPO-Info2/src/drivers/UART_Driver/UART0.h:32:2:STRUCT_TX0::STRUCT_TX0()	16	static
/Users/santiagoiamarino/Documents/MCUXpressoIDE_24.12.148/workspace/TPO-Info2/src/drivers/UART_Driver/UART0.h:38:2:UART0_Struct::UART0_Struct()	16	static
../src/drivers/UART_Driver/UART0.cpp:51:1:UART0::UART0(uint32_t)	24	static
../src/drivers/UART_Driver/UART0.cpp:82:1:UART0::~UART0()	16	static
../src/drivers/UART_Driver/UART0.cpp:82:1:virtual UART0::~UART0()	16	static
../src/drivers/UART_Driver/UART0.cpp:86:6:void UART0::Send(uint8_t*, uint32_t)	32	static
../src/drivers/UART_Driver/UART0.cpp:102:10:uint32_t UART0::CADENAS_Strlen(uint8_t*)	24	static
../src/drivers/UART_Driver/UART0.cpp:117:6:void UART0::PushTx(uint8_t)	16	static
../src/drivers/UART_Driver/UART0.cpp:132:9:int32_t UART0::PopTx()	24	static
../src/drivers/UART_Driver/UART0.cpp:147:6:void UART0::PushRx(uint8_t)	16	static
../src/drivers/UART_Driver/UART0.cpp:155:9:int32_t UART0::PopRx()	24	static
