../src/drivers/PC_CON_DRIVER/PCCON.cpp:262:1:PC_CON::~PC_CON()	0	static
../src/drivers/PC_CON_DRIVER/PCCON.cpp:262:1:virtual PC_CON::~PC_CON()	8	static
../src/drivers/PC_CON_DRIVER/PCCON.cpp:40:1:PC_CON::PC_CON()	0	static
../src/drivers/PC_CON_DRIVER/PCCON.cpp:45:6:bool PC_CON::Leer_Resp(uint8_t*, bool)	24	static
../src/drivers/PC_CON_DRIVER/PCCON.cpp:82:6:bool PC_CON::Leer_Resp_Con_Reintentos(uint8_t*, uint32_t, bool)	32	static
../src/drivers/PC_CON_DRIVER/PCCON.cpp:106:6:void PC_CON::Enviar_Comando(uint8_t*)	8	static
../src/drivers/PC_CON_DRIVER/PCCON.cpp:98:6:void PC_CON::init()	8	static
../src/drivers/PC_CON_DRIVER/PCCON.cpp:184:6:static void PC_CON::posible_caida_tick()	24	static
../src/drivers/PC_CON_DRIVER/PCCON.cpp:110:6:bool PC_CON::Obtener_Respuesta(uint8_t**, uint8_t)	16	static
../src/drivers/PC_CON_DRIVER/PCCON.cpp:133:6:bool PC_CON::Obtener_Configuracion(SuenioCFG*)	16	static
../src/drivers/PC_CON_DRIVER/PCCON.cpp:164:6:bool PC_CON::NotificarPosibleCaida()	16	static
../src/drivers/PC_CON_DRIVER/PCCON.cpp:264:1:cpp)	8	static
