../src/drivers/PC_CON_DRIVER/PCCON.cpp:12:1:PC_CON::PC_CON()	16	static
../src/drivers/PC_CON_DRIVER/PCCON.cpp:17:6:void init_cb(PC_CON*)	16	static
../src/drivers/PC_CON_DRIVER/PCCON.cpp:21:6:void PC_CON::init()	16	static
../src/drivers/PC_CON_DRIVER/PCCON.cpp:33:6:void PC_CON::Procesar_Mensaje(uint8_t)	16	static
../src/drivers/PC_CON_DRIVER/PCCON.cpp:70:1:PC_CON::~PC_CON()	16	static
../src/drivers/PC_CON_DRIVER/PCCON.cpp:70:1:virtual PC_CON::~PC_CON()	16	static
../src/drivers/PC_CON_DRIVER/PCCON.cpp:72:1:void __static_initialization_and_destruction_0()	8	static
../src/drivers/PC_CON_DRIVER/PCCON.cpp:72:1:cpp)	8	static
