../src/drivers/PC_CON_DRIVER/PCCON.cpp:142:1:PC_CON::~PC_CON()	0	static
../src/drivers/PC_CON_DRIVER/PCCON.cpp:142:1:virtual PC_CON::~PC_CON()	8	static
../src/drivers/PC_CON_DRIVER/PCCON.cpp:19:1:PC_CON::PC_CON()	0	static
../src/drivers/PC_CON_DRIVER/PCCON.cpp:24:6:bool PC_CON::Leer_Resp(uint8_t*, bool)	24	static
../src/drivers/PC_CON_DRIVER/PCCON.cpp:61:6:bool PC_CON::Leer_Resp_Con_Reintentos(uint8_t*, uint32_t, bool)	32	static
../src/drivers/PC_CON_DRIVER/PCCON.cpp:85:6:void PC_CON::Enviar_Comando(uint8_t*)	8	static
../src/drivers/PC_CON_DRIVER/PCCON.cpp:77:6:void PC_CON::init()	8	static
../src/drivers/PC_CON_DRIVER/PCCON.cpp:89:6:bool PC_CON::Obtener_Respuesta(uint8_t**, uint8_t)	16	static
../src/drivers/PC_CON_DRIVER/PCCON.cpp:112:6:bool PC_CON::Obtener_Configuracion(SuenioCFG*)	16	static
../src/drivers/PC_CON_DRIVER/PCCON.cpp:144:1:cpp)	8	static
